[CED-LOCK] held Phy-ID=[6, 7, 8, 9, 10, 11, 12, 13]
can not use command: npu-smi info
can not use command: npu-smi info
can not use command: npu-smi info
can not use command: npu-smi info
can not use command: npu-smi info
can not use command: npu-smi info
can not use command: npu-smi info
can not use command: npu-smi info
can not use command: npu-smi info
[W1009 03:41:43.594398300 ProcessGroupHCCL.cpp:1294] Warning: The watchdog timeout 90000ms(which is set by init_process_group) is less than or equal to HCCL execution timeout 1836000ms! The plog may not be recorded. (function ProcessGroupHCCL)
[rank1]:[W1009 03:41:43.598265480 NPUCachingAllocator.cpp:202] Warning: The current CANN and HDK(driver) versions require processing for 32 padding size, with memory allocation. (function operator())
[W1009 03:41:43.609908760 ProcessGroupHCCL.cpp:1294] Warning: The watchdog timeout 90000ms(which is set by init_process_group) is less than or equal to HCCL execution timeout 1836000ms! The plog may not be recorded. (function ProcessGroupHCCL)
[rank7]:[W1009 03:41:43.614601330 NPUCachingAllocator.cpp:202] Warning: The current CANN and HDK(driver) versions require processing for 32 padding size, with memory allocation. (function operator())
[W1009 03:41:43.625169190 ProcessGroupHCCL.cpp:1294] Warning: The watchdog timeout 90000ms(which is set by init_process_group) is less than or equal to HCCL execution timeout 1836000ms! The plog may not be recorded. (function ProcessGroupHCCL)
[W1009 03:41:43.625324930 ProcessGroupHCCL.cpp:1294] Warning: The watchdog timeout 90000ms(which is set by init_process_group) is less than or equal to HCCL execution timeout 1836000ms! The plog may not be recorded. (function ProcessGroupHCCL)
[W1009 03:41:43.627861960 ProcessGroupHCCL.cpp:1294] Warning: The watchdog timeout 90000ms(which is set by init_process_group) is less than or equal to HCCL execution timeout 1836000ms! The plog may not be recorded. (function ProcessGroupHCCL)
[rank5]:[W1009 03:41:43.628611740 NPUCachingAllocator.cpp:202] Warning: The current CANN and HDK(driver) versions require processing for 32 padding size, with memory allocation. (function operator())
[rank4]:[W1009 03:41:43.629265510 NPUCachingAllocator.cpp:202] Warning: The current CANN and HDK(driver) versions require processing for 32 padding size, with memory allocation. (function operator())
[rank3]:[W1009 03:41:43.632341520 NPUCachingAllocator.cpp:202] Warning: The current CANN and HDK(driver) versions require processing for 32 padding size, with memory allocation. (function operator())
[W1009 03:41:44.947591660 ProcessGroupHCCL.cpp:1294] Warning: The watchdog timeout 90000ms(which is set by init_process_group) is less than or equal to HCCL execution timeout 1836000ms! The plog may not be recorded. (function ProcessGroupHCCL)
[rank6]:[W1009 03:41:44.954344190 NPUCachingAllocator.cpp:202] Warning: The current CANN and HDK(driver) versions require processing for 32 padding size, with memory allocation. (function operator())
[W1009 03:41:44.272940280 ProcessGroupHCCL.cpp:1294] Warning: The watchdog timeout 90000ms(which is set by init_process_group) is less than or equal to HCCL execution timeout 1836000ms! The plog may not be recorded. (function ProcessGroupHCCL)
[rank2]:[W1009 03:41:44.277628930 NPUCachingAllocator.cpp:202] Warning: The current CANN and HDK(driver) versions require processing for 32 padding size, with memory allocation. (function operator())
[W1009 03:41:44.283124410 ProcessGroupHCCL.cpp:1294] Warning: The watchdog timeout 90000ms(which is set by init_process_group) is less than or equal to HCCL execution timeout 1836000ms! The plog may not be recorded. (function ProcessGroupHCCL)
[rank0]:[W1009 03:41:44.287603680 NPUCachingAllocator.cpp:202] Warning: The current CANN and HDK(driver) versions require processing for 32 padding size, with memory allocation. (function operator())
{"rank": 6, "hccl_ok": true, "rounds": 3, "sum": 36.0}
{"rank": 4, "hccl_ok": true, "rounds": 3, "sum": 36.0}
{"rank": 7, "hccl_ok": true, "rounds": 3, "sum": 36.0}
{"rank": 0, "hccl_ok": true, "rounds": 3, "sum": 36.0}
{"rank": 1, "hccl_ok": true, "rounds": 3, "sum": 36.0}
{"rank": 2, "hccl_ok": true, "rounds": 3, "sum": 36.0}
{"rank": 5, "hccl_ok": true, "rounds": 3, "sum": 36.0}
{"rank": 3, "hccl_ok": true, "rounds": 3, "sum": 36.0}
[CED-LOCK] command exited: 0
