+------------------------------------------------------------------------------------------------------------------+
| npu-smi 26.1.1                              Version: 26.1.1                                                      |
+---------------------------+---------------+----------------------------------------------------------------------+
| NPU   Name                | Health        | Power(W)             Temp(C)                 Hugepages-Usage(page)   |
| Chip  Phy-ID              | Bus-Id        | AICore(%)            Memory-Usage(MB)        HBM-Usage(MB)           |
+===========================+===============+======================================================================+
| 0     Ascend910           | OK            | 170.9                53                      0    / 0                |
| 0     0                   | 0000:9D:00.0  | 0                    0    / 0                56349/ 65536            |
+------------------------------------------------------------------------------------------------------------------+
| 0     Ascend910           | OK            | -                    53                      0    / 0                |
| 1     1                   | 0000:9F:00.0  | 0                    0    / 0                56040/ 65536            |
+===========================+===============+======================================================================+
| 1     Ascend910           | OK            | 169.3                52                      0    / 0                |
| 0     2                   | 0000:99:00.0  | 0                    0    / 0                11607/ 65536            |
+------------------------------------------------------------------------------------------------------------------+
| 1     Ascend910           | OK            | -                    52                      0    / 0                |
| 1     3                   | 0000:9B:00.0  | 0                    0    / 0                11581/ 65536            |
+===========================+===============+======================================================================+
| 2     Ascend910           | OK            | 177.4                51                      0    / 0                |
| 0     4                   | 0000:95:00.0  | 0                    0    / 0                3132 / 65536            |
+------------------------------------------------------------------------------------------------------------------+
| 2     Ascend910           | OK            | -                    52                      0    / 0                |
| 1     5                   | 0000:97:00.0  | 0                    0    / 0                2891 / 65536            |
+===========================+===============+======================================================================+
| 3     Ascend910           | OK            | 165.2                49                      0    / 0                |
| 0     6                   | 0000:91:00.0  | 0                    0    / 0                11577/ 65536            |
+------------------------------------------------------------------------------------------------------------------+
| 3     Ascend910           | OK            | -                    50                      0    / 0                |
| 1     7                   | 0000:93:00.0  | 0                    0    / 0                11605/ 65536            |
+===========================+===============+======================================================================+
| 4     Ascend910           | Alarm         | 308.6                56                      0    / 0                |
| 0     8                   | 0000:8D:00.0  | 96                   0    / 0                57235/ 65536            |
+------------------------------------------------------------------------------------------------------------------+
| 4     Ascend910           | Alarm         | -                    55                      0    / 0                |
| 1     9                   | 0000:8F:00.0  | 96                   0    / 0                56922/ 65536            |
+===========================+===============+======================================================================+
| 5     Ascend910           | Alarm         | 290.2                55                      0    / 0                |
| 0     10                  | 0000:89:00.0  | 94                   0    / 0                57167/ 65536            |
+------------------------------------------------------------------------------------------------------------------+
| 5     Ascend910           | Alarm         | -                    55                      0    / 0                |
| 1     11                  | 0000:8B:00.0  | 95                   0    / 0                56934/ 65536            |
+===========================+===============+======================================================================+
| 6     Ascend910           | Alarm         | 284.3                55                      0    / 0                |
| 0     12                  | 0000:85:00.0  | 95                   0    / 0                57174/ 65536            |
+------------------------------------------------------------------------------------------------------------------+
| 6     Ascend910           | Alarm         | -                    53                      0    / 0                |
| 1     13                  | 0000:87:00.0  | 93                   0    / 0                56929/ 65536            |
+===========================+===============+======================================================================+
| 7     Ascend910           | Alarm         | 287.7                54                      0    / 0                |
| 0     14                  | 0000:81:00.0  | 96                   0    / 0                57163/ 65536            |
+------------------------------------------------------------------------------------------------------------------+
| 7     Ascend910           | Alarm         | -                    53                      0    / 0                |
| 1     15                  | 0000:83:00.0  | 96                   0    / 0                56935/ 65536            |
+===========================+===============+======================================================================+
+---------------------------+---------------+----------------------------------------------------------------------+
| NPU     Chip              | Process id    | Process name       | Process memory(MB)    | Process id in container |
+===========================+===============+======================================================================+
| 0       0                 | 3768385       | VLLMWorker_DP      | 53271                 | NA                      |
| 0       1                 | 3768386       | VLLMWorker_DP      | 53214                 | NA                      |
+===========================+===============+======================================================================+
| No running processes found in NPU 1                                                                              |
+===========================+===============+======================================================================+
| No running processes found in NPU 2                                                                              |
+===========================+===============+======================================================================+
| No running processes found in NPU 3                                                                              |
+===========================+===============+======================================================================+
| 4       0                 | 3762405       | sglangschedul      | 54089                 | NA                      |
| 4       0                 | 3760869       | python             | 110                   | NA                      |
| 4       1                 | 3762406       | sglangschedul      | 54089                 | NA                      |
+===========================+===============+======================================================================+
| 5       0                 | 3762407       | sglangschedul      | 54087                 | NA                      |
| 5       1                 | 3762408       | sglangschedul      | 54088                 | NA                      |
+===========================+===============+======================================================================+
| 6       0                 | 3762409       | sglangschedul      | 54088                 | NA                      |
| 6       1                 | 3762410       | sglangschedul      | 54088                 | NA                      |
+===========================+===============+======================================================================+
| 7       0                 | 3762411       | sglangschedul      | 54088                 | NA                      |
| 7       1                 | 3762412       | sglangschedul      | 54087                 | NA                      |
+===========================+===============+======================================================================+
