TINY_AUDIT_VERIFIED_LIVE 515382
TINY_AUDIT_VERIFIED_LIVE 515382
TINY_AUDIT_VERIFIED_LIVE 515382
TINY_AUDIT_VERIFIED_LIVE 515382
TINY_AUDIT_VERIFIED_LIVE 515382
TINY_AUDIT_VERIFIED_LIVE 515382
TINY_AUDIT_VERIFIED_LIVE 515382
TINY_AUDIT_VERIFIED_LIVE 515382
TINY_AUDIT_VERIFIED_LIVE 515382
TINY_AUDIT_VERIFIED_LIVE 515382
TINY_AUDIT_VERIFIED_LIVE 515382
TINY_AUDIT_VERIFIED_LIVE 515382
TINY_AUDIT_VERIFIED_LIVE 515382
TINY_AUDIT_VERIFIED_LIVE 515382
TINY_AUDIT_VERIFIED_LIVE 515382
TINY_AUDIT_VERIFIED_LIVE 515382
TINY_AUDIT_VERIFIED_LIVE 515382
TINY_AUDIT_VERIFIED_LIVE 515382
TINY_AUDIT_VERIFIED_LIVE 515382
TINY_AUDIT_VERIFIED_LIVE 515382
Traceback (most recent call last):
  File "/home/l00886679/projects/dsv41-real-stack-tp8-20261010/continue_tiny_profile_v1.py", line 68, in <module>
    main()
    ~~~~^^
  File "/home/l00886679/projects/dsv41-real-stack-tp8-20261010/continue_tiny_profile_v1.py", line 42, in main
    assert (audit / 'run.exit').read_text().strip() == '0', 'Tiny audit failed; do not profile'
           ^^^^^^^^^^^^^^^^^^^^^^^^^^^^^^^^^^^^^^^^^^^^^^^
AssertionError: Tiny audit failed; do not profile
